---
source: tui/src/collab.rs
expression: rendered.trim_end()
---
@main
Wait complete: 3 total · 1 running · 1 completed · 1 errored

---
@review-agent (completed)
I deployed the project, awaiting response from @review-agent.

---
@devops-engineer (errored)
Timeout while waiting for @devops-engineer
