---
source: core/src/tools/handlers/navigator.rs
expression: value
---
{
  "diagnostics": {
    "coverage": {
      "errors": [],
      "pending": [],
      "skipped": []
    },
    "freshness_secs": 5,
    "health": null,
    "index_state": "ready",
    "pending_literals": []
  },
  "response": {
    "active_filters": null,
    "atlas_hint": null,
    "context_banner": null,
    "diagnostics": {
      "coverage": {
        "errors": [],
        "pending": [],
        "skipped": []
      },
      "freshness_secs": 5,
      "health": null,
      "index_state": "ready",
      "pending_literals": []
    },
    "error": null,
    "facet_suggestions": [],
    "fallback_hits": [],
    "hints": [],
    "hits": [
      {
        "attention_density": 0,
        "categories": [
          "source"
        ],
        "context_snippet": null,
        "freshness_days": 0,
        "help": null,
        "id": "hit-1",
        "kind": "function",
        "language": "rust",
        "layer": null,
        "line": 10,
        "lint_density": 0,
        "lint_suppressions": 0,
        "match_count": null,
        "module": null,
        "owners": [],
        "path": "src/lib.rs",
        "preview": "fn sample()",
        "recent": false,
        "references": null,
        "score": 0.9,
        "score_reasons": []
      }
    ],
    "index": {
      "auto_indexing": true,
      "coverage": null,
      "files": 1,
      "notice": null,
      "progress": null,
      "schema_version": 3,
      "state": "ready",
      "symbols": 1,
      "updated_at": null
    },
    "query_id": null,
    "stats": null
  },
  "top_hits": [
    {
      "attention_density": 0,
      "categories": [
        "source"
      ],
      "context_snippet": null,
      "freshness_days": 0,
      "help": null,
      "id": "hit-1",
      "kind": "function",
      "language": "rust",
      "layer": null,
      "line": 10,
      "lint_density": 0,
      "lint_suppressions": 0,
      "match_count": null,
      "module": null,
      "owners": [],
      "path": "src/lib.rs",
      "preview": "fn sample()",
      "recent": false,
      "references": null,
      "score": 0.9,
      "score_reasons": []
    }
  ]
}
