---
source: tui/src/chatwidget/tests/popups_and_settings.rs
expression: popup
---
  Select Provider
  Choose Anthropic or OpenAI, then pick a model and reasoning level.

› 1. Anthropic (current)  Browse 2 models from Anthropic.
  2. OpenAI               Browse 2 models from OpenAI.

  Press enter to browse a provider, or esc to dismiss.
